<html>
<body>
<pre>
<h1>µVision Build Log</h1>
<h2>Tool Versions:</h2>
IDE-Version: µVision V5.33.0.0
Copyright (C) 2020 ARM Ltd and ARM Germany GmbH. All rights reserved.
License Information: Nourhan Mansour, None, LIC=----
 
Tool Versions:
Toolchain:       MDK-Lite  Version: 5.33.0.0
Toolchain Path:  C:\Keil_v5\ARM\ARMCLANG\Bin
C Compiler:      ArmClang.exe V6.15
Assembler:       Armasm.exe V6.15
Linker/Locator:  ArmLink.exe V6.15
Library Manager: ArmAr.exe V6.15
Hex Converter:   FromElf.exe V6.15
CPU DLL:         SARMCM3.DLL V5.33.0.0
Dialog DLL:      DCM.DLL V1.17.3.0
Target DLL:      STLink\ST-LINKIII-KEIL_SWO.dll V3.0.8.0
Dialog DLL:      TCM.DLL V1.48.0.0
 
<h2>Project:</h2>
F:\Projects\BootLoaderKeil\BootLoader- Keil.uvprojx
Project File Date:  01/16/2021

<h2>Output:</h2>
*** Using Compiler 'V6.15', folder: 'C:\Keil_v5\ARM\ARMCLANG\Bin'
Rebuild target 'Target 1'
CRC_program.c(6): warning: In file included from...
./STD_TYPES.h(20): warning: no newline at end of file [-Wnewline-eof]
#endif
      ^
CRC_program.c(9): warning: In file included from...
./CRC_interface.h(16): warning: this function declaration is not a prototype [-Wstrict-prototypes]
void CRC_voidReset();
                  ^
                   void
./CRC_interface.h(18): warning: this function declaration is not a prototype [-Wstrict-prototypes]
u32 CRC_u32GetCrc();
                 ^
                  void
./CRC_interface.h(20): warning: no newline at end of file [-Wnewline-eof]
#endif
      ^
CRC_program.c(11): warning: In file included from...
./CRC_config.h(17): warning: no newline at end of file [-Wnewline-eof]
#endif
      ^
CRC_program.c(26): warning: no previous prototype for function 'CRC_u32GetCrc' [-Wmissing-prototypes]
u32 CRC_u32GetCrc()
    ^
./CRC_interface.h(18): note: this declaration is not a prototype; add 'void' to make it a prototype for a zero-parameter function
u32 CRC_u32GetCrc();
    ^
                  void
CRC_program.c(26): warning: this old-style function definition is not preceded by a prototype [-Wstrict-prototypes]
u32 CRC_u32GetCrc()
                 ^
CRC_program.c(31): warning: no previous prototype for function 'CRC_voidReset' [-Wmissing-prototypes]
void CRC_voidReset()
     ^
./CRC_interface.h(16): note: this declaration is not a prototype; add 'void' to make it a prototype for a zero-parameter function
void CRC_voidReset();
     ^
                   void
CRC_program.c(31): warning: this old-style function definition is not preceded by a prototype [-Wstrict-prototypes]
void CRC_voidReset()
                  ^
9 warnings generated.
compiling CRC_program.c...
RCC_program.c(9): warning: In file included from...
./STD_TYPES.h(20): warning: no newline at end of file [-Wnewline-eof]
#endif
      ^
RCC_program.c(15): warning: In file included from...
./RCC_interface.h(87): warning: this function declaration is not a prototype [-Wstrict-prototypes]
void RCC_voidInitSystemClock();
                            ^
                             void
RCC_program.c(53): warning: implicit conversion changes signedness: 'int' to 'unsigned long' [-Wsign-conversion]
        RCC_CR &= ~(31 << RCC_CR_HSITRIM0);         // Clear 5 trimming bits
               ~~ ^~~~~~~~~~~~~~~~~~~~~~~~
RCC_program.c(58): warning: implicit conversion changes signedness: 'int' to 'unsigned long' [-Wsign-conversion]
        CLR_BIT (RCC_CFGR , RCC_CFGR_SW0);      
        ^~~~~~~~~~~~~~~~~~~~~~~~~~~~~~~~~
./BIT_MATH.h(10): note: expanded from macro 'CLR_BIT'
#define CLR_BIT(VAR,BIT)          VAR &= (~(1 << (BIT))) 
                                      ~~  ^~~~~~~~~~~~~
RCC_program.c(59): warning: implicit conversion changes signedness: 'int' to 'unsigned long' [-Wsign-conversion]
        CLR_BIT (RCC_CFGR , RCC_CFGR_SW1);
        ^~~~~~~~~~~~~~~~~~~~~~~~~~~~~~~~~
./BIT_MATH.h(10): note: expanded from macro 'CLR_BIT'
#define CLR_BIT(VAR,BIT)          VAR &= (~(1 << (BIT))) 
                                      ~~  ^~~~~~~~~~~~~
RCC_program.c(90): warning: binary integer literals are a GNU extension [-Wgnu-binary-literal]
    RCC_CFGR |=  ( MICRO_OUTPUT_CLOCK <<  RCC_CFGR_MCO0); //Select output clock
                   ^
./RCC_config.h(19): note: expanded from macro 'MICRO_OUTPUT_CLOCK'
#define MICRO_OUTPUT_CLOCK      MCO_NOCLK            
                                ^
./RCC_private.h(35): note: expanded from macro 'MCO_NOCLK'
#define     MCO_NOCLK       0b000
                            ^
RCC_program.c(20): warning: no previous prototype for function 'RCC_voidInitSystemClock' [-Wmissing-prototypes]
void RCC_voidInitSystemClock(){
     ^
./RCC_interface.h(87): note: this declaration is not a prototype; add 'void' to make it a prototype for a zero-parameter function
void RCC_voidInitSystemClock();
     ^
                             void
RCC_program.c(20): warning: this old-style function definition is not preceded by a prototype [-Wstrict-prototypes]
void RCC_voidInitSystemClock(){
                            ^
RCC_program.c(109): warning: default label in switch which covers all enumeration values [-Wcovered-switch-default]
        default:
        ^
RCC_program.c(133): warning: default label in switch which covers all enumeration values [-Wcovered-switch-default]
        default:
        ^
10 warnings generated.
compiling RCC_program.c...
main.c(2): warning: In file included from...
./STD_TYPES.h(20): warning: no newline at end of file [-Wnewline-eof]
#endif
      ^
main.c(4): warning: In file included from...
./RCC_interface.h(87): warning: this function declaration is not a prototype [-Wstrict-prototypes]
void RCC_voidInitSystemClock();
                            ^
                             void
main.c(5): warning: In file included from...
./UART_interface.h(19): warning: this function declaration is not a prototype [-Wstrict-prototypes]
void UART1_voidInit();
                   ^
                    void
./UART_interface.h(49): warning: this function declaration is not a prototype [-Wstrict-prototypes]
void UART1_voidDeInit();
                     ^
                      void
main.c(8): warning: In file included from...
./CRC_interface.h(16): warning: this function declaration is not a prototype [-Wstrict-prototypes]
void CRC_voidReset();
                  ^
                   void
./CRC_interface.h(18): warning: this function declaration is not a prototype [-Wstrict-prototypes]
u32 CRC_u32GetCrc();
                 ^
                  void
./CRC_interface.h(20): warning: no newline at end of file [-Wnewline-eof]
#endif
      ^
main.c(9): warning: In file included from...
./IWDG_interface.h(9): warning: this function declaration is not a prototype [-Wstrict-prototypes]
void IWDG_voidReset();
                   ^
                    void
main.c(24): warning: binary integer literals are a GNU extension [-Wgnu-binary-literal]
        GPIO_voidInitPortPinDirection(PORTA  , 9  , 0b1001);      // TX PIN
                                                    ^
main.c(25): warning: binary integer literals are a GNU extension [-Wgnu-binary-literal]
        GPIO_voidInitPortPinDirection(PORTA  , 10 , 0b0100);            // RX PIN
                                                    ^
main.c(31): warning: implicit declaration of function 'BL_voidProcessPayLoadMain' is invalid in C99 [-Wimplicit-function-declaration]
        BL_voidProcessPayLoadMain();
        ^
main.c(36): warning: 'return' will never be executed [-Wunreachable-code-return]
        return 0;
               ^
12 warnings generated.
compiling main.c...
UART_program.c(9): warning: In file included from...
./STD_TYPES.h(20): warning: no newline at end of file [-Wnewline-eof]
#endif
      ^
UART_program.c(15): warning: In file included from...
./UART_interface.h(19): warning: this function declaration is not a prototype [-Wstrict-prototypes]
void UART1_voidInit();
                   ^
                    void
./UART_interface.h(49): warning: this function declaration is not a prototype [-Wstrict-prototypes]
void UART1_voidDeInit();
                     ^
                      void
UART_program.c(21): warning: no previous prototype for function 'UART1_voidInit' [-Wmissing-prototypes]
void UART1_voidInit() {
     ^
./UART_interface.h(19): note: this declaration is not a prototype; add 'void' to make it a prototype for a zero-parameter function
void UART1_voidInit();
     ^
                    void
UART_program.c(21): warning: this old-style function definition is not preceded by a prototype [-Wstrict-prototypes]
void UART1_voidInit() {
                   ^
UART_program.c(41): warning: no previous prototype for function 'UART1_voidDeInit' [-Wmissing-prototypes]
void UART1_voidDeInit() {
     ^
./UART_interface.h(49): note: this declaration is not a prototype; add 'void' to make it a prototype for a zero-parameter function
void UART1_voidDeInit();
     ^
                      void
UART_program.c(41): warning: this old-style function definition is not preceded by a prototype [-Wstrict-prototypes]
void UART1_voidDeInit() {
                     ^
UART_program.c(59): warning: implicit conversion changes signedness: 'int' to 'unsigned long' [-Wsign-conversion]
                CLR_BIT(USART1_SR, USART_SR_TC);
                ^~~~~~~~~~~~~~~~~~~~~~~~~~~~~~~
./BIT_MATH.h(10): note: expanded from macro 'CLR_BIT'
#define CLR_BIT(VAR,BIT)          VAR &= (~(1 << (BIT))) 
                                      ~~  ^~~~~~~~~~~~~
UART_program.c(71): warning: implicit conversion changes signedness: 'int' to 'unsigned long' [-Wsign-conversion]
                CLR_BIT(USART1_SR, USART_SR_RXNE);
                ^~~~~~~~~~~~~~~~~~~~~~~~~~~~~~~~~
./BIT_MATH.h(10): note: expanded from macro 'CLR_BIT'
#define CLR_BIT(VAR,BIT)          VAR &= (~(1 << (BIT))) 
                                      ~~  ^~~~~~~~~~~~~
9 warnings generated.
compiling UART_program.c...
FPEC_program.c(7): warning: In file included from...
./STD_TYPES.h(20): warning: no newline at end of file [-Wnewline-eof]
#endif
      ^
FPEC_program.c(12): warning: In file included from...
./FPEC_config.h(19): warning: no newline at end of file [-Wnewline-eof]
#endif
      ^
FPEC_program.c(53): warning: implicit conversion changes signedness: 'int' to 'unsigned long' [-Wsign-conversion]
        CLR_BIT(FPEC->CR,PER);
        ^~~~~~~~~~~~~~~~~~~~~
./BIT_MATH.h(10): note: expanded from macro 'CLR_BIT'
#define CLR_BIT(VAR,BIT)          VAR &= (~(1 << (BIT))) 
                                      ~~  ^~~~~~~~~~~~~
FPEC_program.c(71): warning: implicit conversion changes signedness: 'int' to 'unsigned long' [-Wsign-conversion]
        CLR_BIT(FPEC->CR, PG);
        ^~~~~~~~~~~~~~~~~~~~~
./BIT_MATH.h(10): note: expanded from macro 'CLR_BIT'
#define CLR_BIT(VAR,BIT)          VAR &= (~(1 << (BIT))) 
                                      ~~  ^~~~~~~~~~~~~
FPEC_program.c(102): warning: implicit conversion changes signedness: 'int' to 'unsigned long' [-Wsign-conversion]
        CLR_BIT(FPEC->CR, PER);
        ^~~~~~~~~~~~~~~~~~~~~~
./BIT_MATH.h(10): note: expanded from macro 'CLR_BIT'
#define CLR_BIT(VAR,BIT)          VAR &= (~(1 << (BIT))) 
                                      ~~  ^~~~~~~~~~~~~
5 warnings generated.
compiling FPEC_program.c...
GPIO_program.c(9): warning: In file included from...
./STD_TYPES.h(20): warning: no newline at end of file [-Wnewline-eof]
#endif
      ^
GPIO_program.c(26): warning: binary integer literals are a GNU extension [-Wgnu-binary-literal]
            GPIOA_CRL &= ~ ( (0b1111)<< ( cpy_pin * 4 ) );      // Clear configuration bits
                              ^
GPIO_program.c(26): warning: implicit conversion changes signedness: 'int' to 'unsigned long' [-Wsign-conversion]
            GPIOA_CRL &= ~ ( (0b1111)<< ( cpy_pin * 4 ) );      // Clear configuration bits
                      ~~ ^~~~~~~~~~~~~~~~~~~~~~~~~~~~~~~~
GPIO_program.c(27): warning: implicit conversion changes signedness: 'int' to 'unsigned long' [-Wsign-conversion]
            GPIOA_CRL |= (mode << ( cpy_pin * 4 ) );            // Set configuration
                      ~~  ~~~~~^~~~~~~~~~~~~~~~~~
GPIO_program.c(29): warning: binary integer literals are a GNU extension [-Wgnu-binary-literal]
            GPIOA_CRH &= ~ ( (0b1111)<< ( (cpy_pin-8) * 4 ) );  // Clear configuration bits
                              ^
GPIO_program.c(29): warning: implicit conversion changes signedness: 'int' to 'unsigned long' [-Wsign-conversion]
            GPIOA_CRH &= ~ ( (0b1111)<< ( (cpy_pin-8) * 4 ) );  // Clear configuration bits
                      ~~ ^~~~~~~~~~~~~~~~~~~~~~~~~~~~~~~~~~~~
GPIO_program.c(30): warning: implicit conversion changes signedness: 'int' to 'unsigned long' [-Wsign-conversion]
            GPIOA_CRH |= (mode << ( (cpy_pin-8) * 4 ) );        // Set configuration    
                      ~~  ~~~~~^~~~~~~~~~~~~~~~~~~~~~
GPIO_program.c(37): warning: binary integer literals are a GNU extension [-Wgnu-binary-literal]
            GPIOB_CRL &= ~ ( (0b1111)<< ( cpy_pin * 4 ) );      // Clear configuration bits
                              ^
GPIO_program.c(37): warning: implicit conversion changes signedness: 'int' to 'unsigned long' [-Wsign-conversion]
            GPIOB_CRL &= ~ ( (0b1111)<< ( cpy_pin * 4 ) );      // Clear configuration bits
                      ~~ ^~~~~~~~~~~~~~~~~~~~~~~~~~~~~~~~
GPIO_program.c(38): warning: implicit conversion changes signedness: 'int' to 'unsigned long' [-Wsign-conversion]
            GPIOB_CRL |= (mode << ( cpy_pin * 4 ) );            // Set configuration
                      ~~  ~~~~~^~~~~~~~~~~~~~~~~~
GPIO_program.c(40): warning: binary integer literals are a GNU extension [-Wgnu-binary-literal]
            GPIOB_CRH &= ~ ( (0b1111)<< ( (cpy_pin-8) * 4 ) );  // Clear configuration bits
                              ^
GPIO_program.c(40): warning: implicit conversion changes signedness: 'int' to 'unsigned long' [-Wsign-conversion]
            GPIOB_CRH &= ~ ( (0b1111)<< ( (cpy_pin-8) * 4 ) );  // Clear configuration bits
                      ~~ ^~~~~~~~~~~~~~~~~~~~~~~~~~~~~~~~~~~~
GPIO_program.c(41): warning: implicit conversion changes signedness: 'int' to 'unsigned long' [-Wsign-conversion]
            GPIOB_CRH |= (mode << ( (cpy_pin-8) * 4 ) );        // Set configuration    
                      ~~  ~~~~~^~~~~~~~~~~~~~~~~~~~~~
GPIO_program.c(47): warning: binary integer literals are a GNU extension [-Wgnu-binary-literal]
            GPIOC_CRL &= ~ ( (0b1111)<< ( cpy_pin * 4 ) );      // Clear configuration bits
                              ^
GPIO_program.c(47): warning: implicit conversion changes signedness: 'int' to 'unsigned long' [-Wsign-conversion]
            GPIOC_CRL &= ~ ( (0b1111)<< ( cpy_pin * 4 ) );      // Clear configuration bits
                      ~~ ^~~~~~~~~~~~~~~~~~~~~~~~~~~~~~~~
GPIO_program.c(48): warning: implicit conversion changes signedness: 'int' to 'unsigned long' [-Wsign-conversion]
            GPIOC_CRL |= (mode << ( cpy_pin * 4 ) );            // Set configuration
                      ~~  ~~~~~^~~~~~~~~~~~~~~~~~
GPIO_program.c(50): warning: binary integer literals are a GNU extension [-Wgnu-binary-literal]
            GPIOC_CRH &= ~ ( (0b1111)<< ( (cpy_pin-8) * 4 ) );  // Clear configuration bits
                              ^
GPIO_program.c(50): warning: implicit conversion changes signedness: 'int' to 'unsigned long' [-Wsign-conversion]
            GPIOC_CRH &= ~ ( (0b1111)<< ( (cpy_pin-8) * 4 ) );  // Clear configuration bits
                      ~~ ^~~~~~~~~~~~~~~~~~~~~~~~~~~~~~~~~~~~
GPIO_program.c(51): warning: implicit conversion changes signedness: 'int' to 'unsigned long' [-Wsign-conversion]
            GPIOC_CRH |= (mode << ( (cpy_pin-8) * 4 ) );        // Set configuration    
                      ~~  ~~~~~^~~~~~~~~~~~~~~~~~~~~~
GPIO_program.c(55): warning: default label in switch which covers all enumeration values [-Wcovered-switch-default]
    default:
    ^
GPIO_program.c(74): warning: implicit conversion changes signedness: 'int' to 'unsigned long' [-Wsign-conversion]
             GPIOA_CRL |= (mode << ( pins_num * 4 ) );      
                       ~~  ~~~~~^~~~~~~~~~~~~~~~~~~
GPIO_program.c(77): warning: implicit conversion changes signedness: 'int' to 'unsigned long' [-Wsign-conversion]
             GPIOA_CRH |= (mode << ( pins_num * 4 ) );
                       ~~  ~~~~~^~~~~~~~~~~~~~~~~~~
GPIO_program.c(89): warning: implicit conversion changes signedness: 'int' to 'unsigned long' [-Wsign-conversion]
             GPIOB_CRL |= (mode << ( pins_num * 4 ) );
                       ~~  ~~~~~^~~~~~~~~~~~~~~~~~~
GPIO_program.c(92): warning: implicit conversion changes signedness: 'int' to 'unsigned long' [-Wsign-conversion]
             GPIOB_CRH |= (mode << ( pins_num * 4 ) );
                       ~~  ~~~~~^~~~~~~~~~~~~~~~~~~
GPIO_program.c(103): warning: implicit conversion changes signedness: 'int' to 'unsigned long' [-Wsign-conversion]
             GPIOC_CRL |= (mode << ( pins_num * 4 ) );
                       ~~  ~~~~~^~~~~~~~~~~~~~~~~~~
GPIO_program.c(106): warning: implicit conversion changes signedness: 'int' to 'unsigned long' [-Wsign-conversion]
             GPIOC_CRH |= (mode << ( pins_num * 4 ) );
                       ~~  ~~~~~^~~~~~~~~~~~~~~~~~~
GPIO_program.c(109): warning: default label in switch which covers all enumeration values [-Wcovered-switch-default]
    default:
    ^
GPIO_program.c(134): warning: default label in switch which covers all enumeration values [-Wcovered-switch-default]
    default:
    ^
28 warnings generated.
compiling GPIO_program.c...
BootLoaderApplication.c(6): warning: In file included from...
./STD_TYPES.h(20): warning: no newline at end of file [-Wnewline-eof]
#endif
      ^
BootLoaderApplication.c(10): warning: In file included from...
./CRC_interface.h(16): warning: this function declaration is not a prototype [-Wstrict-prototypes]
void CRC_voidReset();
                  ^
                   void
./CRC_interface.h(18): warning: this function declaration is not a prototype [-Wstrict-prototypes]
u32 CRC_u32GetCrc();
                 ^
                  void
./CRC_interface.h(20): warning: no newline at end of file [-Wnewline-eof]
#endif
      ^
BootLoaderApplication.c(11): warning: In file included from...
./UART_interface.h(19): warning: this function declaration is not a prototype [-Wstrict-prototypes]
void UART1_voidInit();
                   ^
                    void
./UART_interface.h(49): warning: this function declaration is not a prototype [-Wstrict-prototypes]
void UART1_voidDeInit();
                     ^
                      void
BootLoaderApplication.c(12): warning: In file included from...
./IWDG_interface.h(9): warning: this function declaration is not a prototype [-Wstrict-prototypes]
void IWDG_voidReset();
                   ^
                    void
BootLoaderApplication.c(14): warning: In file included from...
./BootLoaderApplication.h(21): warning: no previous extern declaration for non-static variable 'addr_to_call' [-Wmissing-variable-declarations]
Function_t addr_to_call = 0;
           ^
./BootLoaderApplication.h(21): note: declare 'static' if the variable is not intended to be used outside of this translation unit
Function_t addr_to_call = 0;
^
./BootLoaderApplication.h(47): warning: no newline at end of file [-Wnewline-eof]
#endif
      ^
BootLoaderApplication.c(66): warning: passing 'char [4]' to parameter of type 'u8 *' (aka 'unsigned char *') converts between pointers to integer types with different sign [-Wpointer-sign]
                UART1_voidTransmitSync("HS\n" , 3);
                                       ^~~~~~
./UART_interface.h(30): note: passing argument to parameter 'cpy_arr' here
void UART1_voidTransmitSync(u8 cpy_arr[] , u8 cpy_arrLen);
                               ^
BootLoaderApplication.c(78): warning: passing 'volatile u8 [1025]' to parameter of type 'u8 *' (aka 'unsigned char *') discards qualifiers [-Wincompatible-pointer-types-discards-qualifiers]
                        UART1_voidRecieveSync(PAGE_SIZE , local_u8DataStream);
                                                          ^~~~~~~~~~~~~~~~~~
./UART_interface.h(40): note: passing argument to parameter 'DataRecieved' here
void  UART1_voidRecieveSync( u16 cpy_data_length , u8 * DataRecieved);
                                                        ^
BootLoaderApplication.c(79): warning: passing 'volatile u8 [1025]' to parameter of type 'u8 *' (aka 'unsigned char *') discards qualifiers [-Wincompatible-pointer-types-discards-qualifiers]
                        FPEC_voidFlashWrite(local_u8DataStream, APP_PAGE, PAGE_SIZE, local_u16DataOffset);
                                            ^~~~~~~~~~~~~~~~~~
./FPEC_interface.h(11): note: passing argument to parameter 'Copy_u8Data' here
void FPEC_voidFlashWrite(u8 * Copy_u8Data ,u8 cpyPage , u16 Copy_u8DataArrayLength , u16 offset);
                              ^
BootLoaderApplication.c(82): warning: passing 'char [4]' to parameter of type 'u8 *' (aka 'unsigned char *') converts between pointers to integer types with different sign [-Wpointer-sign]
                        UART1_voidTransmitSync("ok\n" , 3);
                                               ^~~~~~
./UART_interface.h(30): note: passing argument to parameter 'cpy_arr' here
void UART1_voidTransmitSync(u8 cpy_arr[] , u8 cpy_arrLen);
                               ^
BootLoaderApplication.c(87): warning: passing 'volatile u8 [1025]' to parameter of type 'u8 *' (aka 'unsigned char *') discards qualifiers [-Wincompatible-pointer-types-discards-qualifiers]
                UART1_voidRecieveSync( local_u16LastDataChuckLength , local_u8DataStream);
                                                                      ^~~~~~~~~~~~~~~~~~
./UART_interface.h(40): note: passing argument to parameter 'DataRecieved' here
void  UART1_voidRecieveSync( u16 cpy_data_length , u8 * DataRecieved);
                                                        ^
BootLoaderApplication.c(88): warning: passing 'volatile u8 [1025]' to parameter of type 'u8 *' (aka 'unsigned char *') discards qualifiers [-Wincompatible-pointer-types-discards-qualifiers]
                FPEC_voidFlashWrite(local_u8DataStream, APP_PAGE, local_u16LastDataChuckLength , local_u16DataOffset);
                                    ^~~~~~~~~~~~~~~~~~
./FPEC_interface.h(11): note: passing argument to parameter 'Copy_u8Data' here
void FPEC_voidFlashWrite(u8 * Copy_u8Data ,u8 cpyPage , u16 Copy_u8DataArrayLength , u16 offset);
                              ^
BootLoaderApplication.c(95): warning: passing 'char [4]' to parameter of type 'u8 *' (aka 'unsigned char *') converts between pointers to integer types with different sign [-Wpointer-sign]
                        UART1_voidTransmitSync("ok\n" , 3);
                                               ^~~~~~
./UART_interface.h(30): note: passing argument to parameter 'cpy_arr' here
void UART1_voidTransmitSync(u8 cpy_arr[] , u8 cpy_arrLen);
                               ^
BootLoaderApplication.c(101): warning: passing 'char [4]' to parameter of type 'u8 *' (aka 'unsigned char *') converts between pointers to integer types with different sign [-Wpointer-sign]
                        UART1_voidTransmitSync("no\n" , 3);
                                               ^~~~~~
./UART_interface.h(30): note: passing argument to parameter 'cpy_arr' here
void UART1_voidTransmitSync(u8 cpy_arr[] , u8 cpy_arrLen);
                               ^
BootLoaderApplication.c(157): warning: passing 'volatile u8 [2]' to parameter of type 'u8 *' (aka 'unsigned char *') discards qualifiers [-Wincompatible-pointer-types-discards-qualifiers]
        FPEC_voidFlashWrite(Data, CONDITION_PAGE, 2, BC_OFFSET);
                            ^~~~
./FPEC_interface.h(11): note: passing argument to parameter 'Copy_u8Data' here
void FPEC_voidFlashWrite(u8 * Copy_u8Data ,u8 cpyPage , u16 Copy_u8DataArrayLength , u16 offset);
                              ^
BootLoaderApplication.c(158): warning: incompatible pointer types passing 'u16 *' (aka 'unsigned short *') to parameter of type 'u8 *' (aka 'unsigned char *') [-Wincompatible-pointer-types]
        FPEC_voidFlashWrite(&cpy_DataLen, CONDITION_PAGE, 2, DATA_LEN_OFFSET);
                            ^~~~~~~~~~~~
./FPEC_interface.h(11): note: passing argument to parameter 'Copy_u8Data' here
void FPEC_voidFlashWrite(u8 * Copy_u8Data ,u8 cpyPage , u16 Copy_u8DataArrayLength , u16 offset);
                              ^
BootLoaderApplication.c(159): warning: incompatible pointer types passing 'volatile u16 *' (aka 'volatile unsigned short *') to parameter of type 'u8 *' (aka 'unsigned char *') [-Wincompatible-pointer-types]
        FPEC_voidFlashWrite(&local_CRCLOW, CONDITION_PAGE, 2, CRC_OFFSET + 0x02);
                            ^~~~~~~~~~~~~
./FPEC_interface.h(11): note: passing argument to parameter 'Copy_u8Data' here
void FPEC_voidFlashWrite(u8 * Copy_u8Data ,u8 cpyPage , u16 Copy_u8DataArrayLength , u16 offset);
                              ^
BootLoaderApplication.c(160): warning: incompatible pointer types passing 'volatile u16 *' (aka 'volatile unsigned short *') to parameter of type 'u8 *' (aka 'unsigned char *') [-Wincompatible-pointer-types]
        FPEC_voidFlashWrite(&local_CRCHigh, CONDITION_PAGE, 2, CRC_OFFSET);
                            ^~~~~~~~~~~~~~
./FPEC_interface.h(11): note: passing argument to parameter 'Copy_u8Data' here
void FPEC_voidFlashWrite(u8 * Copy_u8Data ,u8 cpyPage , u16 Copy_u8DataArrayLength , u16 offset);
                              ^
21 warnings generated.
compiling BootLoaderApplication.c...
IWDG_program.c(6): warning: In file included from...
./STD_TYPES.h(20): warning: no newline at end of file [-Wnewline-eof]
#endif
      ^
IWDG_program.c(9): warning: In file included from...
./IWDG_interface.h(9): warning: this function declaration is not a prototype [-Wstrict-prototypes]
void IWDG_voidReset();
                   ^
                    void
IWDG_program.c(11): warning: In file included from...
./IWDG_config.h(11): warning: no newline at end of file [-Wnewline-eof]
#endif
      ^
IWDG_program.c(14): warning: no previous prototype for function 'IWDG_voidReset' [-Wmissing-prototypes]
void IWDG_voidReset()
     ^
./IWDG_interface.h(9): note: this declaration is not a prototype; add 'void' to make it a prototype for a zero-parameter function
void IWDG_voidReset();
     ^
                    void
IWDG_program.c(14): warning: this old-style function definition is not preceded by a prototype [-Wstrict-prototypes]
void IWDG_voidReset()
                   ^
5 warnings generated.
compiling IWDG_program.c...
assembling startup_stm32f10x_md.s...
RTE/Device/STM32F103C8/system_stm32f10x.c(167): warning: no previous extern declaration for non-static variable 'AHBPrescTable' [-Wmissing-variable-declarations]
__I uint8_t AHBPrescTable[16] = {0, 0, 0, 0, 0, 0, 0, 0, 1, 2, 3, 4, 6, 7, 8, 9};
            ^
RTE/Device/STM32F103C8/system_stm32f10x.c(167): note: declare 'static' if the variable is not intended to be used outside of this translation unit
__I uint8_t AHBPrescTable[16] = {0, 0, 0, 0, 0, 0, 0, 0, 1, 2, 3, 4, 6, 7, 8, 9};
    ^
1 warning generated.
compiling system_stm32f10x.c...
linking...
Program Size: Code=2538 RO-data=258 RW-data=0 ZI-data=1640  
FromELF: creating hex file...
".\Objects\BootLoader-bin.axf" - 0 Error(s), 100 Warning(s).

<h2>Software Packages used:</h2>

Package Vendor: ARM
                http://www.keil.com/pack/ARM.CMSIS.5.7.0.pack
                ARM.CMSIS.5.7.0
                CMSIS (Cortex Microcontroller Software Interface Standard)
   * Component: CORE Version: 5.4.0

Package Vendor: Keil
                http://www.keil.com/pack/Keil.STM32F1xx_DFP.2.3.0.pack
                Keil.STM32F1xx_DFP.2.3.0
                STMicroelectronics STM32F1 Series Device Support, Drivers and Examples
   * Component: Startup Version: 1.0.0

<h2>Collection of Component include folders:</h2>
  .\RTE\Device\STM32F103C8
  .\RTE\_Target_1
  C:\Users\poppr\AppData\Local\Arm\Packs\ARM\CMSIS\5.7.0\CMSIS\Core\Include
  C:\Users\poppr\AppData\Local\Arm\Packs\Keil\STM32F1xx_DFP\2.3.0\Device\Include

<h2>Collection of Component Files used:</h2>

   * Component: ARM::CMSIS:CORE:5.4.0

   * Component: Keil::Device:Startup:1.0.0
      Source file:   Device\Source\ARM\startup_stm32f10x_md.s
      Source file:   Device\Source\system_stm32f10x.c
      Include file:  RTE_Driver\Config\RTE_Device.h
      Source file:   Device\Source\ARM\STM32F1xx_OPT.s
Build Time Elapsed:  00:00:02
</pre>
</body>
</html>
