Component: ARM Compiler 6.15 Tool: armlink [5dd79300]

==============================================================================

Section Cross References

    main.o(.text.main) refers to rcc_program.o(.text.RCC_voidInitSystemClock) for RCC_voidInitSystemClock
    main.o(.text.main) refers to rcc_program.o(.text.RCC_voidEnableClock) for RCC_voidEnableClock
    main.o(.text.main) refers to fpec_program.o(.text.FPEC_voidFlashInit) for FPEC_voidFlashInit
    main.o(.text.main) refers to uart_program.o(.text.UART1_voidInit) for UART1_voidInit
    main.o(.text.main) refers to gpio_program.o(.text.GPIO_voidInitPortPinDirection) for GPIO_voidInitPortPinDirection
    main.o(.text.main) refers to bootloaderapplication.o(.text.BL_voidWriteBranchingCondition) for BL_voidWriteBranchingCondition
    main.o(.text.main) refers to bootloaderapplication.o(.text.BL_u8CheckBranchingCondition) for BL_u8CheckBranchingCondition
    main.o(.ARM.exidx.text.main) refers to main.o(.text.main) for [Anonymous Symbol]
    fpec_program.o(.ARM.exidx.text.FPEC_voidFlashInit) refers to fpec_program.o(.text.FPEC_voidFlashInit) for [Anonymous Symbol]
    fpec_program.o(.ARM.exidx.text.FPEC_u16ReadHalfWord) refers to fpec_program.o(.text.FPEC_u16ReadHalfWord) for [Anonymous Symbol]
    fpec_program.o(.ARM.exidx.text.FPEC_voidFlashWrite) refers to fpec_program.o(.text.FPEC_voidFlashWrite) for [Anonymous Symbol]
    fpec_program.o(.ARM.exidx.text.FPEC_voidFlashPageErase) refers to fpec_program.o(.text.FPEC_voidFlashPageErase) for [Anonymous Symbol]
    fpec_program.o(.text.FPEC_voidEraseAppArea) refers to fpec_program.o(.text.FPEC_voidFlashPageErase) for FPEC_voidFlashPageErase
    fpec_program.o(.ARM.exidx.text.FPEC_voidEraseAppArea) refers to fpec_program.o(.text.FPEC_voidEraseAppArea) for [Anonymous Symbol]
    fpec_program.o(.ARM.exidx.text.FPEC_voidFlashLock) refers to fpec_program.o(.text.FPEC_voidFlashLock) for [Anonymous Symbol]
    fpec_program.o(.ARM.exidx.text.FPEC_voidFlashMassErase) refers to fpec_program.o(.text.FPEC_voidFlashMassErase) for [Anonymous Symbol]
    gpio_program.o(.ARM.exidx.text.GPIO_voidInitPortPinDirection) refers to gpio_program.o(.text.GPIO_voidInitPortPinDirection) for [Anonymous Symbol]
    gpio_program.o(.ARM.exidx.text.GPIO_voidInitPortDirection) refers to gpio_program.o(.text.GPIO_voidInitPortDirection) for [Anonymous Symbol]
    gpio_program.o(.ARM.exidx.text.GPIO_voidDeInitPortConfig) refers to gpio_program.o(.text.GPIO_voidDeInitPortConfig) for [Anonymous Symbol]
    rcc_program.o(.ARM.exidx.text.RCC_voidInitSystemClock) refers to rcc_program.o(.text.RCC_voidInitSystemClock) for [Anonymous Symbol]
    rcc_program.o(.ARM.exidx.text.RCC_voidEnableClock) refers to rcc_program.o(.text.RCC_voidEnableClock) for [Anonymous Symbol]
    rcc_program.o(.ARM.exidx.text.RCC_voidDisableClock) refers to rcc_program.o(.text.RCC_voidDisableClock) for [Anonymous Symbol]
    uart_program.o(.ARM.exidx.text.UART1_voidInit) refers to uart_program.o(.text.UART1_voidInit) for [Anonymous Symbol]
    uart_program.o(.ARM.exidx.text.UART1_voidDeInit) refers to uart_program.o(.text.UART1_voidDeInit) for [Anonymous Symbol]
    uart_program.o(.ARM.exidx.text.UART1_voidTransmitSync) refers to uart_program.o(.text.UART1_voidTransmitSync) for [Anonymous Symbol]
    uart_program.o(.ARM.exidx.text.UART1_voidRecieveSync) refers to uart_program.o(.text.UART1_voidRecieveSync) for [Anonymous Symbol]
    crc_program.o(.ARM.exidx.text.CRC_u32Accumalate) refers to crc_program.o(.text.CRC_u32Accumalate) for [Anonymous Symbol]
    crc_program.o(.ARM.exidx.text.CRC_u32Claculate) refers to crc_program.o(.text.CRC_u32Claculate) for [Anonymous Symbol]
    crc_program.o(.ARM.exidx.text.CRC_voidReset) refers to crc_program.o(.text.CRC_voidReset) for [Anonymous Symbol]
    bootloaderapplication.o(.ARM.exidx.text.BL_voidProcessPayLoadMain) refers to bootloaderapplication.o(.text.BL_voidProcessPayLoadMain) for [Anonymous Symbol]
    bootloaderapplication.o(.text.BL_u8CheckBranchingCondition) refers to fpec_program.o(.text.FPEC_u16ReadHalfWord) for FPEC_u16ReadHalfWord
    bootloaderapplication.o(.ARM.exidx.text.BL_u8CheckBranchingCondition) refers to bootloaderapplication.o(.text.BL_u8CheckBranchingCondition) for [Anonymous Symbol]
    bootloaderapplication.o(.text.BL_voidWriteBranchingCondition) refers to fpec_program.o(.text.FPEC_u16ReadHalfWord) for FPEC_u16ReadHalfWord
    bootloaderapplication.o(.text.BL_voidWriteBranchingCondition) refers to fpec_program.o(.text.FPEC_voidFlashPageErase) for FPEC_voidFlashPageErase
    bootloaderapplication.o(.text.BL_voidWriteBranchingCondition) refers to fpec_program.o(.text.FPEC_voidFlashWrite) for FPEC_voidFlashWrite
    bootloaderapplication.o(.ARM.exidx.text.BL_voidWriteBranchingCondition) refers to bootloaderapplication.o(.text.BL_voidWriteBranchingCondition) for [Anonymous Symbol]
    bootloaderapplication.o(.ARM.exidx.text.BL_voidValidateCRCFromFlash) refers to bootloaderapplication.o(.text.BL_voidValidateCRCFromFlash) for [Anonymous Symbol]
    bootloaderapplication.o(.ARM.exidx.text.BL_voidSoftReset) refers to bootloaderapplication.o(.text.BL_voidSoftReset) for [Anonymous Symbol]
    bootloaderapplication.o(.ARM.exidx.text.BL_u16ReciveDataLength) refers to bootloaderapplication.o(.text.BL_u16ReciveDataLength) for [Anonymous Symbol]
    bootloaderapplication.o(.ARM.exidx.text.BL_voidRecievePageOfData) refers to bootloaderapplication.o(.text.BL_voidRecievePageOfData) for [Anonymous Symbol]
    bootloaderapplication.o(.ARM.exidx.text.BL_u32ReciveCRC) refers to bootloaderapplication.o(.text.BL_u32ReciveCRC) for [Anonymous Symbol]
    startup_stm32f10x_md.o(STACK) refers (Special) to heapauxi.o(.text) for __use_two_region_memory
    startup_stm32f10x_md.o(HEAP) refers (Special) to heapauxi.o(.text) for __use_two_region_memory
    startup_stm32f10x_md.o(RESET) refers (Special) to heapauxi.o(.text) for __use_two_region_memory
    startup_stm32f10x_md.o(RESET) refers to startup_stm32f10x_md.o(STACK) for __initial_sp
    startup_stm32f10x_md.o(RESET) refers to startup_stm32f10x_md.o(.text) for Reset_Handler
    startup_stm32f10x_md.o(.text) refers (Special) to heapauxi.o(.text) for __use_two_region_memory
    startup_stm32f10x_md.o(.text) refers to system_stm32f10x.o(.text.SystemInit) for SystemInit
    startup_stm32f10x_md.o(.text) refers to __main.o(!!!main) for __main
    startup_stm32f10x_md.o(.text) refers to startup_stm32f10x_md.o(HEAP) for Heap_Mem
    startup_stm32f10x_md.o(.text) refers to startup_stm32f10x_md.o(STACK) for Stack_Mem
    system_stm32f10x.o(.text.SystemInit) refers to system_stm32f10x.o(.text.SetSysClock) for SetSysClock
    system_stm32f10x.o(.ARM.exidx.text.SystemInit) refers to system_stm32f10x.o(.text.SystemInit) for [Anonymous Symbol]
    system_stm32f10x.o(.text.SetSysClock) refers to system_stm32f10x.o(.text.SetSysClockTo72) for SetSysClockTo72
    system_stm32f10x.o(.ARM.exidx.text.SetSysClock) refers to system_stm32f10x.o(.text.SetSysClock) for [Anonymous Symbol]
    system_stm32f10x.o(.text.SystemCoreClockUpdate) refers to system_stm32f10x.o(.data.SystemCoreClock) for SystemCoreClock
    system_stm32f10x.o(.text.SystemCoreClockUpdate) refers to system_stm32f10x.o(.rodata.AHBPrescTable) for AHBPrescTable
    system_stm32f10x.o(.ARM.exidx.text.SystemCoreClockUpdate) refers to system_stm32f10x.o(.text.SystemCoreClockUpdate) for [Anonymous Symbol]
    system_stm32f10x.o(.ARM.exidx.text.SetSysClockTo72) refers to system_stm32f10x.o(.text.SetSysClockTo72) for [Anonymous Symbol]
    __main.o(!!!main) refers to __rtentry.o(.ARM.Collect$$rtentry$$00000000) for __rt_entry
    __rtentry.o(.ARM.Collect$$rtentry$$00000000) refers (Special) to __rtentry2.o(.ARM.Collect$$rtentry$$0000000A) for __rt_entry_li
    __rtentry.o(.ARM.Collect$$rtentry$$00000000) refers (Special) to __rtentry2.o(.ARM.Collect$$rtentry$$0000000D) for __rt_entry_main
    __rtentry.o(.ARM.Collect$$rtentry$$00000000) refers (Special) to __rtentry2.o(.ARM.Collect$$rtentry$$0000000C) for __rt_entry_postli_1
    __rtentry.o(.ARM.Collect$$rtentry$$00000000) refers (Special) to __rtentry2.o(.ARM.Collect$$rtentry$$00000009) for __rt_entry_postsh_1
    __rtentry.o(.ARM.Collect$$rtentry$$00000000) refers (Special) to __rtentry2.o(.ARM.Collect$$rtentry$$00000002) for __rt_entry_presh_1
    __rtentry.o(.ARM.Collect$$rtentry$$00000000) refers (Special) to __rtentry4.o(.ARM.Collect$$rtentry$$00000004) for __rt_entry_sh
    __rtentry2.o(.ARM.Collect$$rtentry$$00000008) refers to boardinit2.o(.text) for _platform_post_stackheap_init
    __rtentry2.o(.ARM.Collect$$rtentry$$0000000A) refers to libinit.o(.ARM.Collect$$libinit$$00000000) for __rt_lib_init
    __rtentry2.o(.ARM.Collect$$rtentry$$0000000B) refers to boardinit3.o(.text) for _platform_post_lib_init
    __rtentry2.o(.ARM.Collect$$rtentry$$0000000D) refers to main.o(.text.main) for main
    __rtentry2.o(.ARM.Collect$$rtentry$$0000000D) refers to exit.o(.text) for exit
    __rtentry2.o(.ARM.exidx) refers to __rtentry2.o(.ARM.Collect$$rtentry$$00000001) for .ARM.Collect$$rtentry$$00000001
    __rtentry2.o(.ARM.exidx) refers to __rtentry2.o(.ARM.Collect$$rtentry$$00000008) for .ARM.Collect$$rtentry$$00000008
    __rtentry2.o(.ARM.exidx) refers to __rtentry2.o(.ARM.Collect$$rtentry$$0000000A) for .ARM.Collect$$rtentry$$0000000A
    __rtentry2.o(.ARM.exidx) refers to __rtentry2.o(.ARM.Collect$$rtentry$$0000000B) for .ARM.Collect$$rtentry$$0000000B
    __rtentry2.o(.ARM.exidx) refers to __rtentry2.o(.ARM.Collect$$rtentry$$0000000D) for .ARM.Collect$$rtentry$$0000000D
    __rtentry4.o(.ARM.Collect$$rtentry$$00000004) refers to sys_stackheap_outer.o(.text) for __user_setup_stackheap
    __rtentry4.o(.ARM.exidx) refers to __rtentry4.o(.ARM.Collect$$rtentry$$00000004) for .ARM.Collect$$rtentry$$00000004
    sys_stackheap_outer.o(.text) refers to libspace.o(.text) for __user_perproc_libspace
    sys_stackheap_outer.o(.text) refers to startup_stm32f10x_md.o(.text) for __user_initial_stackheap
    exit.o(.text) refers to rtexit.o(.ARM.Collect$$rtexit$$00000000) for __rt_exit
    libinit.o(.ARM.Collect$$libinit$$00000000) refers (Special) to libinit2.o(.ARM.Collect$$libinit$$0000002E) for __rt_lib_init_alloca_1
    libinit.o(.ARM.Collect$$libinit$$00000000) refers (Special) to libinit2.o(.ARM.Collect$$libinit$$0000002C) for __rt_lib_init_argv_1
    libinit.o(.ARM.Collect$$libinit$$00000000) refers (Special) to libinit2.o(.ARM.Collect$$libinit$$0000001B) for __rt_lib_init_atexit_1
    libinit.o(.ARM.Collect$$libinit$$00000000) refers (Special) to libinit2.o(.ARM.Collect$$libinit$$00000021) for __rt_lib_init_clock_1
    libinit.o(.ARM.Collect$$libinit$$00000000) refers (Special) to libinit2.o(.ARM.Collect$$libinit$$00000032) for __rt_lib_init_cpp_1
    libinit.o(.ARM.Collect$$libinit$$00000000) refers (Special) to libinit2.o(.ARM.Collect$$libinit$$00000030) for __rt_lib_init_exceptions_1
    libinit.o(.ARM.Collect$$libinit$$00000000) refers (Special) to libinit2.o(.ARM.Collect$$libinit$$00000002) for __rt_lib_init_fp_1
    libinit.o(.ARM.Collect$$libinit$$00000000) refers (Special) to libinit2.o(.ARM.Collect$$libinit$$0000001F) for __rt_lib_init_fp_trap_1
    libinit.o(.ARM.Collect$$libinit$$00000000) refers (Special) to libinit2.o(.ARM.Collect$$libinit$$00000023) for __rt_lib_init_getenv_1
    libinit.o(.ARM.Collect$$libinit$$00000000) refers (Special) to libinit2.o(.ARM.Collect$$libinit$$0000000A) for __rt_lib_init_heap_1
    libinit.o(.ARM.Collect$$libinit$$00000000) refers (Special) to libinit2.o(.ARM.Collect$$libinit$$00000011) for __rt_lib_init_lc_collate_1
    libinit.o(.ARM.Collect$$libinit$$00000000) refers (Special) to libinit2.o(.ARM.Collect$$libinit$$00000013) for __rt_lib_init_lc_ctype_1
    libinit.o(.ARM.Collect$$libinit$$00000000) refers (Special) to libinit2.o(.ARM.Collect$$libinit$$00000015) for __rt_lib_init_lc_monetary_1
    libinit.o(.ARM.Collect$$libinit$$00000000) refers (Special) to libinit2.o(.ARM.Collect$$libinit$$00000017) for __rt_lib_init_lc_numeric_1
    libinit.o(.ARM.Collect$$libinit$$00000000) refers (Special) to libinit2.o(.ARM.Collect$$libinit$$00000019) for __rt_lib_init_lc_time_1
    libinit.o(.ARM.Collect$$libinit$$00000000) refers (Special) to libinit2.o(.ARM.Collect$$libinit$$00000004) for __rt_lib_init_preinit_1
    libinit.o(.ARM.Collect$$libinit$$00000000) refers (Special) to libinit2.o(.ARM.Collect$$libinit$$0000000E) for __rt_lib_init_rand_1
    libinit.o(.ARM.Collect$$libinit$$00000000) refers (Special) to libinit2.o(.ARM.Collect$$libinit$$00000033) for __rt_lib_init_return
    libinit.o(.ARM.Collect$$libinit$$00000000) refers (Special) to libinit2.o(.ARM.Collect$$libinit$$0000001D) for __rt_lib_init_signal_1
    libinit.o(.ARM.Collect$$libinit$$00000000) refers (Special) to libinit2.o(.ARM.Collect$$libinit$$00000025) for __rt_lib_init_stdio_1
    libinit.o(.ARM.Collect$$libinit$$00000000) refers (Special) to libinit2.o(.ARM.Collect$$libinit$$0000000C) for __rt_lib_init_user_alloc_1
    libspace.o(.text) refers to libspace.o(.bss) for __libspace_start
    rtexit.o(.ARM.Collect$$rtexit$$00000000) refers (Special) to rtexit2.o(.ARM.Collect$$rtexit$$00000004) for __rt_exit_exit
    rtexit.o(.ARM.Collect$$rtexit$$00000000) refers (Special) to rtexit2.o(.ARM.Collect$$rtexit$$00000003) for __rt_exit_ls
    rtexit.o(.ARM.Collect$$rtexit$$00000000) refers (Special) to rtexit2.o(.ARM.Collect$$rtexit$$00000002) for __rt_exit_prels_1
    rtexit.o(.ARM.exidx) refers (Special) to rtexit2.o(.ARM.Collect$$rtexit$$00000004) for __rt_exit_exit
    rtexit.o(.ARM.exidx) refers (Special) to rtexit2.o(.ARM.Collect$$rtexit$$00000003) for __rt_exit_ls
    rtexit.o(.ARM.exidx) refers (Special) to rtexit2.o(.ARM.Collect$$rtexit$$00000002) for __rt_exit_prels_1
    rtexit.o(.ARM.exidx) refers to rtexit.o(.ARM.Collect$$rtexit$$00000000) for .ARM.Collect$$rtexit$$00000000
    libinit2.o(.ARM.Collect$$libinit$$00000010) refers to libinit2.o(.ARM.Collect$$libinit$$0000000F) for .ARM.Collect$$libinit$$0000000F
    libinit2.o(.ARM.Collect$$libinit$$00000012) refers to libinit2.o(.ARM.Collect$$libinit$$0000000F) for .ARM.Collect$$libinit$$0000000F
    libinit2.o(.ARM.Collect$$libinit$$00000014) refers to libinit2.o(.ARM.Collect$$libinit$$0000000F) for .ARM.Collect$$libinit$$0000000F
    libinit2.o(.ARM.Collect$$libinit$$00000016) refers to libinit2.o(.ARM.Collect$$libinit$$0000000F) for .ARM.Collect$$libinit$$0000000F
    libinit2.o(.ARM.Collect$$libinit$$00000018) refers to libinit2.o(.ARM.Collect$$libinit$$0000000F) for .ARM.Collect$$libinit$$0000000F
    libinit2.o(.ARM.Collect$$libinit$$00000026) refers to argv_veneer.o(.emb_text) for __ARM_argv_veneer
    libinit2.o(.ARM.Collect$$libinit$$00000027) refers to argv_veneer.o(.emb_text) for __ARM_argv_veneer
    rtexit2.o(.ARM.Collect$$rtexit$$00000003) refers to libshutdown.o(.ARM.Collect$$libshutdown$$00000000) for __rt_lib_shutdown
    rtexit2.o(.ARM.Collect$$rtexit$$00000004) refers to sys_exit.o(.text) for _sys_exit
    rtexit2.o(.ARM.exidx) refers to rtexit2.o(.ARM.Collect$$rtexit$$00000001) for .ARM.Collect$$rtexit$$00000001
    rtexit2.o(.ARM.exidx) refers to rtexit2.o(.ARM.Collect$$rtexit$$00000003) for .ARM.Collect$$rtexit$$00000003
    rtexit2.o(.ARM.exidx) refers to rtexit2.o(.ARM.Collect$$rtexit$$00000004) for .ARM.Collect$$rtexit$$00000004
    argv_veneer.o(.emb_text) refers to no_argv.o(.text) for __ARM_get_argv
    sys_exit.o(.text) refers (Special) to use_no_semi.o(.text) for __I$use$semihosting
    sys_exit.o(.text) refers (Special) to indicate_semi.o(.text) for __semihosting_library_function
    sys_exit_hlt.o(.text) refers (Special) to use_no_semi.o(.text) for __I$use$semihosting
    sys_exit_hlt.o(.text) refers (Special) to indicate_semi.o(.text) for __semihosting_library_function
    _get_argv_nomalloc.o(.text) refers (Special) to hrguard.o(.text) for __heap_region$guard
    _get_argv_nomalloc.o(.text) refers to defsig_rtmem_outer.o(.text) for __rt_SIGRTMEM
    _get_argv_nomalloc.o(.text) refers to sys_command.o(.text) for _sys_command_string
    libshutdown.o(.ARM.Collect$$libshutdown$$00000000) refers (Special) to libshutdown2.o(.ARM.Collect$$libshutdown$$00000002) for __rt_lib_shutdown_cpp_1
    libshutdown.o(.ARM.Collect$$libshutdown$$00000000) refers (Special) to libshutdown2.o(.ARM.Collect$$libshutdown$$00000007) for __rt_lib_shutdown_fp_trap_1
    libshutdown.o(.ARM.Collect$$libshutdown$$00000000) refers (Special) to libshutdown2.o(.ARM.Collect$$libshutdown$$0000000F) for __rt_lib_shutdown_heap_1
    libshutdown.o(.ARM.Collect$$libshutdown$$00000000) refers (Special) to libshutdown2.o(.ARM.Collect$$libshutdown$$00000010) for __rt_lib_shutdown_return
    libshutdown.o(.ARM.Collect$$libshutdown$$00000000) refers (Special) to libshutdown2.o(.ARM.Collect$$libshutdown$$0000000A) for __rt_lib_shutdown_signal_1
    libshutdown.o(.ARM.Collect$$libshutdown$$00000000) refers (Special) to libshutdown2.o(.ARM.Collect$$libshutdown$$00000004) for __rt_lib_shutdown_stdio_1
    libshutdown.o(.ARM.Collect$$libshutdown$$00000000) refers (Special) to libshutdown2.o(.ARM.Collect$$libshutdown$$0000000C) for __rt_lib_shutdown_user_alloc_1
    sys_command.o(.text) refers (Special) to use_no_semi.o(.text) for __I$use$semihosting
    sys_command.o(.text) refers (Special) to indicate_semi.o(.text) for __semihosting_library_function
    sys_command_hlt.o(.text) refers (Special) to use_no_semi.o(.text) for __I$use$semihosting
    sys_command_hlt.o(.text) refers (Special) to indicate_semi.o(.text) for __semihosting_library_function
    defsig_rtmem_outer.o(.text) refers to defsig_rtmem_inner.o(.text) for __rt_SIGRTMEM_inner
    defsig_rtmem_outer.o(.text) refers to defsig_exit.o(.text) for __sig_exit
    defsig_rtmem_formal.o(.text) refers to rt_raise.o(.text) for __rt_raise
    rt_raise.o(.text) refers to __raise.o(.text) for __raise
    rt_raise.o(.text) refers to sys_exit.o(.text) for _sys_exit
    defsig_exit.o(.text) refers to sys_exit.o(.text) for _sys_exit
    defsig_rtmem_inner.o(.text) refers to defsig_general.o(.text) for __default_signal_display
    __raise.o(.text) refers to defsig.o(CL$$defsig) for __default_signal_handler
    defsig_general.o(.text) refers to sys_wrch.o(.text) for _ttywrch
    sys_wrch.o(.text) refers (Special) to use_no_semi.o(.text) for __I$use$semihosting
    sys_wrch.o(.text) refers (Special) to indicate_semi.o(.text) for __semihosting_library_function
    sys_wrch_hlt.o(.text) refers (Special) to use_no_semi.o(.text) for __I$use$semihosting
    sys_wrch_hlt.o(.text) refers (Special) to indicate_semi.o(.text) for __semihosting_library_function
    defsig.o(CL$$defsig) refers to defsig_rtmem_inner.o(.text) for __rt_SIGRTMEM_inner
    defsig_abrt_inner.o(.text) refers to defsig_general.o(.text) for __default_signal_display
    defsig_fpe_inner.o(.text) refers to defsig_general.o(.text) for __default_signal_display
    defsig_rtred_inner.o(.text) refers to defsig_general.o(.text) for __default_signal_display
    defsig_stak_inner.o(.text) refers to defsig_general.o(.text) for __default_signal_display
    defsig_pvfn_inner.o(.text) refers to defsig_general.o(.text) for __default_signal_display
    defsig_cppl_inner.o(.text) refers to defsig_general.o(.text) for __default_signal_display
    defsig_segv_inner.o(.text) refers to defsig_general.o(.text) for __default_signal_display
    defsig_other.o(.text) refers to defsig_general.o(.text) for __default_signal_display


==============================================================================

Removing Unused input sections from the image.

    Removing main.o(.text), (0 bytes).
    Removing main.o(.ARM.exidx.text.main), (8 bytes).
    Removing main.o(.ARM.use_no_argv), (4 bytes).
    Removing fpec_program.o(.text), (0 bytes).
    Removing fpec_program.o(.ARM.exidx.text.FPEC_voidFlashInit), (8 bytes).
    Removing fpec_program.o(.ARM.exidx.text.FPEC_u16ReadHalfWord), (8 bytes).
    Removing fpec_program.o(.ARM.exidx.text.FPEC_voidFlashWrite), (8 bytes).
    Removing fpec_program.o(.ARM.exidx.text.FPEC_voidFlashPageErase), (8 bytes).
    Removing fpec_program.o(.text.FPEC_voidEraseAppArea), (22 bytes).
    Removing fpec_program.o(.ARM.exidx.text.FPEC_voidEraseAppArea), (8 bytes).
    Removing fpec_program.o(.text.FPEC_voidFlashLock), (18 bytes).
    Removing fpec_program.o(.ARM.exidx.text.FPEC_voidFlashLock), (8 bytes).
    Removing fpec_program.o(.text.FPEC_voidFlashMassErase), (86 bytes).
    Removing fpec_program.o(.ARM.exidx.text.FPEC_voidFlashMassErase), (8 bytes).
    Removing gpio_program.o(.text), (0 bytes).
    Removing gpio_program.o(.ARM.exidx.text.GPIO_voidInitPortPinDirection), (8 bytes).
    Removing gpio_program.o(.text.GPIO_voidInitPortDirection), (218 bytes).
    Removing gpio_program.o(.ARM.exidx.text.GPIO_voidInitPortDirection), (8 bytes).
    Removing gpio_program.o(.text.GPIO_voidDeInitPortConfig), (78 bytes).
    Removing gpio_program.o(.ARM.exidx.text.GPIO_voidDeInitPortConfig), (8 bytes).
    Removing rcc_program.o(.text), (0 bytes).
    Removing rcc_program.o(.ARM.exidx.text.RCC_voidInitSystemClock), (8 bytes).
    Removing rcc_program.o(.ARM.exidx.text.RCC_voidEnableClock), (8 bytes).
    Removing rcc_program.o(.text.RCC_voidDisableClock), (84 bytes).
    Removing rcc_program.o(.ARM.exidx.text.RCC_voidDisableClock), (8 bytes).
    Removing uart_program.o(.text), (0 bytes).
    Removing uart_program.o(.ARM.exidx.text.UART1_voidInit), (8 bytes).
    Removing uart_program.o(.text.UART1_voidDeInit), (18 bytes).
    Removing uart_program.o(.ARM.exidx.text.UART1_voidDeInit), (8 bytes).
    Removing uart_program.o(.text.UART1_voidTransmitSync), (52 bytes).
    Removing uart_program.o(.ARM.exidx.text.UART1_voidTransmitSync), (8 bytes).
    Removing uart_program.o(.text.UART1_voidRecieveSync), (50 bytes).
    Removing uart_program.o(.ARM.exidx.text.UART1_voidRecieveSync), (8 bytes).
    Removing uart_program.o(.bss.Transmit_idx), (1 bytes).
    Removing uart_program.o(.bss.Receive_idx), (1 bytes).
    Removing crc_program.o(.text), (0 bytes).
    Removing crc_program.o(.text.CRC_u32Accumalate), (26 bytes).
    Removing crc_program.o(.ARM.exidx.text.CRC_u32Accumalate), (8 bytes).
    Removing crc_program.o(.text.CRC_u32Claculate), (14 bytes).
    Removing crc_program.o(.ARM.exidx.text.CRC_u32Claculate), (8 bytes).
    Removing crc_program.o(.text.CRC_voidReset), (14 bytes).
    Removing crc_program.o(.ARM.exidx.text.CRC_voidReset), (8 bytes).
    Removing bootloaderapplication.o(.text), (0 bytes).
    Removing bootloaderapplication.o(.text.BL_voidProcessPayLoadMain), (2 bytes).
    Removing bootloaderapplication.o(.ARM.exidx.text.BL_voidProcessPayLoadMain), (8 bytes).
    Removing bootloaderapplication.o(.ARM.exidx.text.BL_u8CheckBranchingCondition), (8 bytes).
    Removing bootloaderapplication.o(.ARM.exidx.text.BL_voidWriteBranchingCondition), (8 bytes).
    Removing bootloaderapplication.o(.text.BL_voidValidateCRCFromFlash), (2 bytes).
    Removing bootloaderapplication.o(.ARM.exidx.text.BL_voidValidateCRCFromFlash), (8 bytes).
    Removing bootloaderapplication.o(.text.BL_voidSoftReset), (2 bytes).
    Removing bootloaderapplication.o(.ARM.exidx.text.BL_voidSoftReset), (8 bytes).
    Removing bootloaderapplication.o(.text.BL_u16ReciveDataLength), (4 bytes).
    Removing bootloaderapplication.o(.ARM.exidx.text.BL_u16ReciveDataLength), (8 bytes).
    Removing bootloaderapplication.o(.text.BL_voidRecievePageOfData), (2 bytes).
    Removing bootloaderapplication.o(.ARM.exidx.text.BL_voidRecievePageOfData), (8 bytes).
    Removing bootloaderapplication.o(.text.BL_u32ReciveCRC), (2 bytes).
    Removing bootloaderapplication.o(.ARM.exidx.text.BL_u32ReciveCRC), (8 bytes).
    Removing system_stm32f10x.o(.text), (0 bytes).
    Removing system_stm32f10x.o(.ARM.exidx.text.SystemInit), (8 bytes).
    Removing system_stm32f10x.o(.ARM.exidx.text.SetSysClock), (8 bytes).
    Removing system_stm32f10x.o(.text.SystemCoreClockUpdate), (110 bytes).
    Removing system_stm32f10x.o(.ARM.exidx.text.SystemCoreClockUpdate), (8 bytes).
    Removing system_stm32f10x.o(.ARM.exidx.text.SetSysClockTo72), (8 bytes).
    Removing system_stm32f10x.o(.data.SystemCoreClock), (4 bytes).
    Removing system_stm32f10x.o(.rodata.AHBPrescTable), (16 bytes).

65 unused section(s) (total 1094 bytes) removed from the image.
